2026-10-04 14:13:19,276 training 60 networks with 1 parallel jobs
2026-10-04 14:13:48,144 trained peaks__relu__h1x10__t0 in 28.9s (447 epochs, best 347): test rmse 0.4956, rel 0.188
2026-10-04 14:15:11,439 trained peaks__relu__h1x20__t0 in 83.3s (1000 epochs, best 994): test rmse 0.417, rel 0.158
2026-10-04 14:16:21,542 trained peaks__relu__h1x30__t0 in 70.1s (976 epochs, best 876): test rmse 0.1621, rel 0.0615
2026-10-04 14:16:56,260 trained peaks__relu__h1x40__t0 in 34.7s (499 epochs, best 399): test rmse 0.1294, rel 0.0491
2026-10-04 14:18:06,681 trained peaks__relu__h1x50__t0 in 70.4s (1000 epochs, best 907): test rmse 0.1125, rel 0.0427
2026-10-04 14:19:13,549 trained peaks__relu__h2x10__t0 in 66.9s (780 epochs, best 680): test rmse 0.1326, rel 0.0503
2026-10-04 14:20:01,731 trained peaks__relu__h2x20__t0 in 48.2s (547 epochs, best 447): test rmse 0.07257, rel 0.0275
2026-10-04 14:20:53,382 trained peaks__relu__h2x30__t0 in 51.6s (568 epochs, best 468): test rmse 0.04902, rel 0.0186
2026-10-04 14:21:58,910 trained peaks__relu__h2x40__t0 in 65.5s (690 epochs, best 590): test rmse 0.03211, rel 0.0122
2026-10-04 14:23:10,041 trained peaks__relu__h2x50__t0 in 71.1s (680 epochs, best 580): test rmse 0.0326, rel 0.0124
2026-10-04 14:24:15,385 trained peaks__relu__h3x10__t0 in 65.3s (594 epochs, best 494): test rmse 0.09075, rel 0.0344
2026-10-04 14:24:59,055 trained peaks__relu__h3x20__t0 in 43.7s (271 epochs, best 171): test rmse 0.0482, rel 0.0183
2026-10-04 14:25:41,978 trained peaks__relu__h3x30__t0 in 42.9s (365 epochs, best 265): test rmse 0.03452, rel 0.0131
2026-10-04 14:26:18,449 trained peaks__relu__h3x40__t0 in 36.5s (364 epochs, best 264): test rmse 0.02458, rel 0.00932
2026-10-04 14:27:08,237 trained peaks__relu__h3x50__t0 in 49.8s (502 epochs, best 402): test rmse 0.02053, rel 0.00779
2026-10-04 14:27:50,928 trained peaks__relu__h4x10__t0 in 42.7s (429 epochs, best 329): test rmse 0.0665, rel 0.0252
2026-10-04 14:28:59,753 trained peaks__relu__h4x20__t0 in 68.8s (584 epochs, best 484): test rmse 0.02892, rel 0.011
2026-10-04 14:29:50,487 trained peaks__relu__h4x30__t0 in 50.7s (448 epochs, best 348): test rmse 0.02345, rel 0.00889
2026-10-04 14:30:27,350 trained peaks__relu__h4x40__t0 in 36.9s (343 epochs, best 243): test rmse 0.02391, rel 0.00907
2026-10-04 14:31:11,647 trained peaks__relu__h4x50__t0 in 44.3s (412 epochs, best 312): test rmse 0.02104, rel 0.00798
2026-10-04 14:31:35,048 trained ackley__relu__h1x10__t0 in 23.4s (218 epochs, best 118): test rmse 0.5718, rel 0.273
2026-10-04 14:31:58,685 trained ackley__relu__h1x20__t0 in 23.6s (220 epochs, best 120): test rmse 0.5545, rel 0.265
2026-10-04 14:32:54,911 trained ackley__relu__h1x30__t0 in 56.2s (587 epochs, best 487): test rmse 0.5531, rel 0.264
2026-10-04 14:34:31,349 trained ackley__relu__h1x40__t0 in 96.4s (1000 epochs, best 986): test rmse 0.4963, rel 0.237
2026-10-04 14:36:16,538 trained ackley__relu__h1x50__t0 in 105.2s (1000 epochs, best 909): test rmse 0.4779, rel 0.228
2026-10-04 14:37:28,156 trained ackley__relu__h2x10__t0 in 71.6s (600 epochs, best 500): test rmse 0.5412, rel 0.258
2026-10-04 14:39:24,604 trained ackley__relu__h2x20__t0 in 116.4s (929 epochs, best 829): test rmse 0.2935, rel 0.14
2026-10-04 14:41:22,498 trained ackley__relu__h2x30__t0 in 117.9s (854 epochs, best 754): test rmse 0.202, rel 0.0964
2026-10-04 14:43:49,020 trained ackley__relu__h2x40__t0 in 146.5s (712 epochs, best 612): test rmse 0.1732, rel 0.0826
2026-10-04 14:46:07,438 trained ackley__relu__h2x50__t0 in 138.4s (697 epochs, best 597): test rmse 0.1522, rel 0.0726
2026-10-04 14:48:19,713 trained ackley__relu__h3x10__t0 in 132.3s (924 epochs, best 824): test rmse 0.4572, rel 0.218
2026-10-04 14:50:15,906 trained ackley__relu__h3x20__t0 in 116.2s (748 epochs, best 648): test rmse 0.2345, rel 0.112
2026-10-04 14:51:46,558 trained ackley__relu__h3x30__t0 in 90.6s (630 epochs, best 530): test rmse 0.1314, rel 0.0627
2026-10-04 14:53:51,196 trained ackley__relu__h3x40__t0 in 124.6s (779 epochs, best 679): test rmse 0.09002, rel 0.043
2026-10-04 14:55:45,393 trained ackley__relu__h3x50__t0 in 114.2s (808 epochs, best 708): test rmse 0.07413, rel 0.0354
2026-10-04 15:02:51,382 trained ackley__relu__h4x10__t0 in 426.0s (832 epochs, best 732): test rmse 0.3831, rel 0.183
2026-10-04 15:04:23,649 trained ackley__relu__h4x20__t0 in 92.2s (632 epochs, best 532): test rmse 0.1634, rel 0.078
2026-10-04 15:06:10,887 trained ackley__relu__h4x30__t0 in 107.2s (702 epochs, best 602): test rmse 0.09329, rel 0.0445
2026-10-04 15:07:44,180 trained ackley__relu__h4x40__t0 in 93.3s (601 epochs, best 501): test rmse 0.0827, rel 0.0395
2026-10-04 15:09:28,181 trained ackley__relu__h4x50__t0 in 104.0s (628 epochs, best 528): test rmse 0.05925, rel 0.0283
2026-10-04 15:10:12,534 trained himmelblau__relu__h1x10__t0 in 44.3s (695 epochs, best 595): test rmse 18.8, rel 0.175
2026-10-04 15:10:59,126 trained himmelblau__relu__h1x20__t0 in 46.6s (732 epochs, best 632): test rmse 8.696, rel 0.0808
2026-10-04 15:12:02,556 trained himmelblau__relu__h1x30__t0 in 63.4s (1000 epochs, best 978): test rmse 4.695, rel 0.0436
2026-10-04 15:12:59,482 trained himmelblau__relu__h1x40__t0 in 56.9s (865 epochs, best 765): test rmse 3.588, rel 0.0334
2026-10-04 15:14:01,028 trained himmelblau__relu__h1x50__t0 in 61.5s (554 epochs, best 454): test rmse 4.087, rel 0.038
2026-10-04 15:15:47,107 trained himmelblau__relu__h2x10__t0 in 106.0s (531 epochs, best 431): test rmse 7.183, rel 0.0668
2026-10-04 15:16:57,928 trained himmelblau__relu__h2x20__t0 in 70.8s (496 epochs, best 396): test rmse 3.18, rel 0.0296
2026-10-04 15:18:44,732 trained himmelblau__relu__h2x30__t0 in 106.8s (570 epochs, best 470): test rmse 1.851, rel 0.0172
2026-10-04 15:20:03,046 trained himmelblau__relu__h2x40__t0 in 78.3s (536 epochs, best 436): test rmse 1.479, rel 0.0137
2026-10-04 15:21:17,112 trained himmelblau__relu__h2x50__t0 in 74.0s (319 epochs, best 219): test rmse 1.736, rel 0.0161
2026-10-04 15:23:16,981 trained himmelblau__relu__h3x10__t0 in 119.8s (610 epochs, best 510): test rmse 3.249, rel 0.0302
2026-10-04 15:23:51,498 trained himmelblau__relu__h3x20__t0 in 34.5s (457 epochs, best 357): test rmse 2.108, rel 0.0196
2026-10-04 15:24:45,527 trained himmelblau__relu__h3x30__t0 in 54.0s (698 epochs, best 598): test rmse 1.548, rel 0.0144
2026-10-04 15:24:55,866 trained himmelblau__relu__h3x40__t0 in 10.3s (129 epochs, best 29): test rmse 2.55, rel 0.0237
2026-10-04 15:25:18,163 trained himmelblau__relu__h3x50__t0 in 22.3s (271 epochs, best 171): test rmse 1.531, rel 0.0142
2026-10-04 15:25:46,795 trained himmelblau__relu__h4x10__t0 in 28.6s (340 epochs, best 240): test rmse 3.179, rel 0.0296
2026-10-04 15:26:10,613 trained himmelblau__relu__h4x20__t0 in 23.8s (281 epochs, best 181): test rmse 2.288, rel 0.0213
2026-10-04 15:27:16,334 trained himmelblau__relu__h4x30__t0 in 65.7s (733 epochs, best 633): test rmse 1.272, rel 0.0118
2026-10-04 15:28:02,226 trained himmelblau__relu__h4x40__t0 in 45.9s (505 epochs, best 405): test rmse 1.209, rel 0.0112
2026-10-04 15:28:56,095 trained himmelblau__relu__h4x50__t0 in 53.9s (555 epochs, best 455): test rmse 1.07, rel 0.00995
2026-10-04 15:28:56,112 summary: outputs\relu\models\summary_relu.csv
