2026-10-04 15:37:40,003 training 60 networks with 1 parallel jobs
2026-10-04 15:38:36,138 trained peaks__tanh__h1x10__t0 in 56.1s (977 epochs, best 877): test rmse 0.2575, rel 0.0977
2026-10-04 15:39:32,798 trained peaks__tanh__h1x20__t0 in 56.6s (1000 epochs, best 977): test rmse 0.08196, rel 0.0311
2026-10-04 15:40:30,690 trained peaks__tanh__h1x30__t0 in 57.9s (1000 epochs, best 956): test rmse 0.04246, rel 0.0161
2026-10-04 15:41:32,594 trained peaks__tanh__h1x40__t0 in 61.9s (1000 epochs, best 944): test rmse 0.03271, rel 0.0124
2026-10-04 15:42:12,117 trained peaks__tanh__h1x50__t0 in 39.5s (684 epochs, best 584): test rmse 0.0365, rel 0.0138
2026-10-04 15:43:19,345 trained peaks__tanh__h2x10__t0 in 67.2s (996 epochs, best 896): test rmse 0.0188, rel 0.00713
2026-10-04 15:43:55,617 trained peaks__tanh__h2x20__t0 in 36.3s (532 epochs, best 432): test rmse 0.01652, rel 0.00627
2026-10-04 15:44:26,711 trained peaks__tanh__h2x30__t0 in 31.1s (457 epochs, best 357): test rmse 0.01426, rel 0.00541
2026-10-04 15:45:01,741 trained peaks__tanh__h2x40__t0 in 35.0s (504 epochs, best 404): test rmse 0.01523, rel 0.00578
2026-10-04 15:45:35,917 trained peaks__tanh__h2x50__t0 in 34.2s (485 epochs, best 385): test rmse 0.01492, rel 0.00566
2026-10-04 15:47:00,606 trained peaks__tanh__h3x10__t0 in 84.7s (1000 epochs, best 960): test rmse 0.01609, rel 0.0061
2026-10-04 15:47:21,021 trained peaks__tanh__h3x20__t0 in 20.4s (246 epochs, best 146): test rmse 0.01926, rel 0.0073
2026-10-04 15:47:43,579 trained peaks__tanh__h3x30__t0 in 22.5s (281 epochs, best 181): test rmse 0.01472, rel 0.00558
2026-10-04 15:48:33,575 trained peaks__tanh__h3x40__t0 in 50.0s (621 epochs, best 521): test rmse 0.01394, rel 0.00529
2026-10-04 15:48:53,759 trained peaks__tanh__h3x50__t0 in 20.2s (223 epochs, best 123): test rmse 0.02174, rel 0.00825
2026-10-04 15:49:18,471 trained peaks__tanh__h4x10__t0 in 24.7s (270 epochs, best 170): test rmse 0.02254, rel 0.00855
2026-10-04 15:49:46,405 trained peaks__tanh__h4x20__t0 in 27.9s (294 epochs, best 194): test rmse 0.02028, rel 0.00769
2026-10-04 15:50:28,395 trained peaks__tanh__h4x30__t0 in 42.0s (416 epochs, best 316): test rmse 0.01966, rel 0.00746
2026-10-04 15:51:22,846 trained peaks__tanh__h4x40__t0 in 54.4s (532 epochs, best 432): test rmse 0.01953, rel 0.00741
2026-10-04 15:51:36,916 trained peaks__tanh__h4x50__t0 in 14.0s (126 epochs, best 26): test rmse 0.02513, rel 0.00953
2026-10-04 15:53:09,749 trained ackley__tanh__h1x10__t0 in 92.8s (931 epochs, best 831): test rmse 0.5827, rel 0.278
2026-10-04 15:54:09,893 trained ackley__tanh__h1x20__t0 in 60.1s (587 epochs, best 487): test rmse 0.5688, rel 0.271
2026-10-04 15:55:07,228 trained ackley__tanh__h1x30__t0 in 57.3s (569 epochs, best 469): test rmse 0.5667, rel 0.27
2026-10-04 15:55:59,018 trained ackley__tanh__h1x40__t0 in 51.8s (508 epochs, best 408): test rmse 0.5645, rel 0.269
2026-10-04 15:56:50,885 trained ackley__tanh__h1x50__t0 in 51.9s (508 epochs, best 408): test rmse 0.566, rel 0.27
2026-10-04 15:58:45,373 trained ackley__tanh__h2x10__t0 in 114.5s (1000 epochs, best 941): test rmse 0.5157, rel 0.246
2026-10-04 16:00:41,628 trained ackley__tanh__h2x20__t0 in 116.2s (1000 epochs, best 999): test rmse 0.4112, rel 0.196
2026-10-04 16:03:12,922 trained ackley__tanh__h2x30__t0 in 151.3s (1000 epochs, best 902): test rmse 0.1739, rel 0.083
2026-10-04 16:05:22,704 trained ackley__tanh__h2x40__t0 in 129.8s (778 epochs, best 678): test rmse 0.1693, rel 0.0808
2026-10-04 16:07:02,044 trained ackley__tanh__h2x50__t0 in 99.3s (594 epochs, best 494): test rmse 0.1727, rel 0.0824
2026-10-04 16:09:58,618 trained ackley__tanh__h3x10__t0 in 176.6s (1000 epochs, best 948): test rmse 0.3843, rel 0.183
2026-10-04 16:13:02,417 trained ackley__tanh__h3x20__t0 in 183.8s (1000 epochs, best 975): test rmse 0.142, rel 0.0678
2026-10-04 16:16:09,277 trained ackley__tanh__h3x30__t0 in 186.8s (1000 epochs, best 984): test rmse 0.1122, rel 0.0536
2026-10-04 16:19:01,286 trained ackley__tanh__h3x40__t0 in 172.0s (1000 epochs, best 977): test rmse 0.08673, rel 0.0414
2026-10-04 16:21:29,890 trained ackley__tanh__h3x50__t0 in 148.5s (1000 epochs, best 961): test rmse 0.08641, rel 0.0412
2026-10-04 16:24:02,777 trained ackley__tanh__h4x10__t0 in 152.9s (1000 epochs, best 968): test rmse 0.2067, rel 0.0987
2026-10-04 16:26:22,569 trained ackley__tanh__h4x20__t0 in 139.8s (589 epochs, best 489): test rmse 0.08955, rel 0.0427
2026-10-04 16:28:42,410 trained ackley__tanh__h4x30__t0 in 139.8s (864 epochs, best 764): test rmse 0.0708, rel 0.0338
2026-10-04 16:31:32,825 trained ackley__tanh__h4x40__t0 in 170.4s (851 epochs, best 751): test rmse 0.08853, rel 0.0423
2026-10-04 16:34:59,769 trained ackley__tanh__h4x50__t0 in 206.9s (901 epochs, best 801): test rmse 0.05586, rel 0.0267
2026-10-04 16:37:35,936 trained himmelblau__tanh__h1x10__t0 in 156.1s (1000 epochs, best 972): test rmse 3.005, rel 0.0279
2026-10-04 16:39:21,385 trained himmelblau__tanh__h1x20__t0 in 105.4s (1000 epochs, best 998): test rmse 1.471, rel 0.0137
2026-10-04 16:40:53,347 trained himmelblau__tanh__h1x30__t0 in 92.0s (1000 epochs, best 953): test rmse 1.137, rel 0.0106
2026-10-04 16:42:45,929 trained himmelblau__tanh__h1x40__t0 in 112.6s (1000 epochs, best 972): test rmse 0.7819, rel 0.00727
2026-10-04 16:45:49,560 trained himmelblau__tanh__h1x50__t0 in 183.6s (1000 epochs, best 992): test rmse 0.8475, rel 0.00788
2026-10-04 16:47:48,331 trained himmelblau__tanh__h2x10__t0 in 118.8s (964 epochs, best 864): test rmse 1.387, rel 0.0129
2026-10-04 16:49:02,907 trained himmelblau__tanh__h2x20__t0 in 74.6s (618 epochs, best 518): test rmse 1.332, rel 0.0124
2026-10-04 16:49:29,091 trained himmelblau__tanh__h2x30__t0 in 26.2s (288 epochs, best 188): test rmse 1.008, rel 0.00938
2026-10-04 16:49:53,924 trained himmelblau__tanh__h2x40__t0 in 24.8s (267 epochs, best 167): test rmse 1.434, rel 0.0133
2026-10-04 16:50:54,541 trained himmelblau__tanh__h2x50__t0 in 60.6s (653 epochs, best 553): test rmse 1.052, rel 0.00978
2026-10-04 16:52:55,383 trained himmelblau__tanh__h3x10__t0 in 120.8s (797 epochs, best 697): test rmse 1.049, rel 0.00975
2026-10-04 16:53:29,874 trained himmelblau__tanh__h3x20__t0 in 34.5s (271 epochs, best 171): test rmse 1.782, rel 0.0166
2026-10-04 16:53:48,930 trained himmelblau__tanh__h3x30__t0 in 19.0s (199 epochs, best 99): test rmse 1.686, rel 0.0157
2026-10-04 16:54:42,186 trained himmelblau__tanh__h3x40__t0 in 53.2s (495 epochs, best 395): test rmse 1.388, rel 0.0129
2026-10-04 16:55:23,695 trained himmelblau__tanh__h3x50__t0 in 41.5s (364 epochs, best 264): test rmse 1.506, rel 0.014
2026-10-04 16:57:23,472 trained himmelblau__tanh__h4x10__t0 in 119.8s (782 epochs, best 682): test rmse 1.346, rel 0.0125
2026-10-04 16:58:03,632 trained himmelblau__tanh__h4x20__t0 in 40.1s (305 epochs, best 205): test rmse 1.695, rel 0.0158
2026-10-04 16:58:38,131 trained himmelblau__tanh__h4x30__t0 in 34.5s (242 epochs, best 142): test rmse 2.063, rel 0.0192
2026-10-04 16:59:41,551 trained himmelblau__tanh__h4x40__t0 in 63.4s (462 epochs, best 362): test rmse 1.872, rel 0.0174
2026-10-04 17:00:43,048 trained himmelblau__tanh__h4x50__t0 in 61.5s (455 epochs, best 355): test rmse 1.659, rel 0.0154
2026-10-04 17:00:43,083 summary: outputs\tanh\models\summary_tanh.csv
